Linux version 3.10.27 (zhangzhidan@XY-201) (gcc version 4.8.5 20150209 (prerelease) (Realtek RSDK-4.8.5p1 Build 2521) ) #29 PREEMPT Wed May 22 14:16:12 CST 2019
prom cpufreq = 500000000
prom memsize = 67108864
hw_ver: 0x2, hw_rev: 0x1, isp_ver: 0x1
bootconsole [early0] enabled
CPU revision is: 0000dc02
FPU revision is: 01730001
Determined physical RAM map:
 memory: 04000000 @ 00000000 (usable)
Reserved contiguous memory at 0x420000(0x1a00000)
Zone ranges:
  Normal   [mem 0x00000000-0x03ffffff]
Movable zone start for each node
Early memory node ranges
  node   0: [mem 0x00000000-0x03ffffff]
icache: 32kB/32B, dcache: 16kB/32B, scache: 0kB/0B
Built 1 zonelists in Zone order, mobility grouping on.  Total pages: 16256
Kernel command line: console=ttyS1,57600 root=/dev/mtdblock3 rts_hconf.hconf_mtd_idx=1 rts-quadspi.channels=dual mtdparts=m25p80:8192k@0(global),192k@0k(boot),1344k@192k(kernel),1792k@1536k(rootfs),3072k@3328k(userdata),1664k@6400k(rootfs_backup),64k@8064k(vd1),64k@8128k(conf)
PID hash table entries: 256 (order: -2, 1024 bytes)
Dentry cache hash table entries: 8192 (order: 3, 32768 bytes)
Inode-cache hash table entries: 4096 (order: 2, 16384 bytes)
Memory: 34084k/65536k available (3338k kernel code, 31452k reserved, 580k data, 176k init, 0k highmem)
SLUB: HWalign=32, Order=0-3, MinObjects=0, CPUs=1, Nodes=1
Preemptible hierarchical RCU implementation.
NR_IRQS:57
Calibrating delay loop... 497.66 BogoMIPS (lpj=248832)
pid_max: default: 32768 minimum: 301
Mount-cache hash table entries: 512
pinctrl core: initialized pinctrl subsystem
regulator-dummy: no parameters
NET: Registered protocol family 16
Init force reset registers
rtsxb2 registered with IRQs
INFO: initializing ISP memory ...
INFO: initializing ISP device ...
ISP camera platform devices added
INFO: initializing SD controller ...
INFO: initializing snd device ...
snd resvd mem size : 1048576
INFO: initializing USB host ...
INFO: initializing spi host ...0
spi platform id is ffffffff
INFO: initializing I2C master ...
INFO: initializing DMA controller ...
INFO: initializing adc ...
INFO: initializing pinctrl device ...
pinctrl_platform rts3903-pinctrl: rtspc registered with IRQs
INFO: initializing ethernet devices ...
INFO: initializing USB phy ...
INFO: initializing watchdog controller ...
INFO: initializing crypto device ...
INFO: initializing pmu device ...
INFO: initializing cpu dvfs device ...
bio: create slab <bio-0> at 0
rts_dmac rts3903-dmac: DesignWare DMA Controller, 4 channels
INFO: realtek DMA engine inited
usbcore: registered new interface driver usbfs
usbcore: registered new interface driver hub
usbcore: registered new device driver usb
usbphy-platform usbphy-platform: Initialized Realtek IPCam USB Phy module
Linux video capture interface: v2.00
Advanced Linux Sound Architecture Driver Initialized.
NET: Registered protocol family 2
cfg80211: Calling CRDA to update world regulatory domain
TCP established hash table entries: 512 (order: 0, 4096 bytes)
TCP bind hash table entries: 512 (order: -1, 2048 bytes)
TCP: Hash tables configured (established 512 bind 512)
TCP: reno registered
UDP hash table entries: 256 (order: 0, 4096 bytes)
UDP-Lite hash table entries: 256 (order: 0, 4096 bytes)
NET: Registered protocol family 1
squashfs: version 4.0 (2009/01/31) Phillip Lougher
jffs2: version 2.2. (NAND) Â© 2001-2006 Red Hat, Inc.
msgmni has been set to 66
NET: Registered protocol family 38
Block layer SCSI generic (bsg) driver version 0.4 loaded (major 253)
io scheduler noop registered
io scheduler deadline registered
io scheduler cfq registered (default)
Serial: 8250/16550 driver, 3 ports, IRQ sharing disabled
serial8250: ttyS0 at MMIO 0x18810000 (irq = 6) is a 16550A
console [ttyS1] enabled, bootconsole disabled
console [ttyS1] enabled, bootconsole disabled
serial8250: ttyS1 at MMIO 0x18810100 (irq = 6) is a 16550A
serial8250: ttyS2 at MMIO 0x18810200 (irq = 6) is a 16550A
dbg_iomem initialized!
rts-quadspi rts3903-qspi: force to set channels from quad mode to dual mode
rts-quadspi rts3903-qspi: request 60000000 Hz, force to set 41666666 Hz
rts-quadspi rts3903-qspi: found w25q64fv, expected mx25l12835f
rts-quadspi rts3903-qspi: w25q64fv (8192 Kbytes)
8 cmdlinepart partitions found on MTD device m25p80
Creating 8 MTD partitions on "m25p80":
0x000000000000-0x000000800000 : "global"
0x000000000000-0x000000030000 : "boot"
0x000000030000-0x000000180000 : "kernel"
0x000000180000-0x000000340000 : "rootfs"
0x000000340000-0x000000640000 : "userdata"
0x000000640000-0x0000007e0000 : "rootfs_backup"
0x0000007e0000-0x0000007f0000 : "vd1"
0x0000007f0000-0x000000800000 : "conf"
rts-quadspi rts3903-qspi: Realtek QSPI Controller at 0x18030000 (irq 5)
rtl8168 Gigabit Ethernet driver 8.038.00-NAPI loaded
rtl8168 rts3903-r8168 (unregistered net_device): Get invalid MAC address from flash!
eth%d: 0xb8400000, 00:00:00:00:00:00, IRQ 10
ehci_hcd: USB 2.0 'Enhanced' Host Controller (EHCI) Driver
ehci-rts: ehci-rts platform driver
ehci-platform ehci-platform: EHCI Host Controller
ehci-platform ehci-platform: new USB bus registered, assigned bus number 1
ehci-platform ehci-platform: irq 11, io mem 0x18100000
ehci-platform ehci-platform: USB 2.0 started, EHCI 1.00
usb usb1: New USB device found, idVendor=1d6b, idProduct=0002
usb usb1: New USB device strings: Mfr=3, Product=2, SerialNumber=1
usb usb1: Product: EHCI Host Controller
usb usb1: Manufacturer: Linux 3.10.27 ehci_hcd
usb usb1: SerialNumber: ehci-platform
hub 1-0:1.0: USB hub found
hub 1-0:1.0: 1 port detected
ohci_hcd: USB 1.1 'Open' Host Controller (OHCI) Driver
ohci-platform ohci-platform: Generic Platform OHCI Controller
ohci-platform ohci-platform: new USB bus registered, assigned bus number 2
ohci-platform ohci-platform: irq 11, io mem 0x18180000
usb usb2: New USB device found, idVendor=1d6b, idProduct=0001
usb usb2: New USB device strings: Mfr=3, Product=2, SerialNumber=1
usb usb2: Product: Generic Platform OHCI Controller
usb usb2: Manufacturer: Linux 3.10.27 ohci_hcd
usb usb2: SerialNumber: ohci-platform
hub 2-0:1.0: USB hub found
hub 2-0:1.0: 1 port detected
ERROR: Unable to read RTP_REG_DC4_TRIM_OFFSET reg
ERROR: Unable to read RTP_REG_CHIP_VERSION reg
rtp_mfd 0-0030: pre_init() failed: -140
rtp_mfd: probe of 0-0030 failed with error -140
Stopped watchdog timer
timer margin: 8 sec
nf_conntrack version 0.5.0 (532 buckets, 2128 max)
ip_tables: (C) 2000-2006 Netfilter Core Team
TCP: cubic registered
NET: Registered protocol family 17
Key type dns_resolver registered
mtd1 name is boot
hconf init failed
ALSA device list:
  No soundcards found.
VFS: Mounted root (squashfs filesystem) readonly on device 31:3.
Freeing unused kernel memory: 176K (803e4000 - 80410000)
usb 1-1: new high-speed USB device number 2 using ehci-platform
usb 1-1: New USB device found, idVendor=0bda, idProduct=f179
usb 1-1: New USB device strings: Mfr=1, Product=2, SerialNumber=3
usb 1-1: Product: 802.11n
usb 1-1: Manufacturer: Realtek
usb 1-1: SerialNumber: 1CBFCE3094A8
Sat Oct 24 10:24:00 UTC 2015
 _           _         _            
| |         | |       | |           
| |     ___ | |__  ___| |_ ___ _ __ 
| |    / _ \| '_ \/ __| __/ _ \ '__|
| |___| (_) | |_) \__ \ ||  __/ |   
|______\___/|_.__/|___/\__\___|_|   
                                    
                                    
ubusd: can't load library 'libblobmsg_json.so'
jffs2: notice: (235) jffs2_build_xattr_subsystem: complete building xattr subsystem, 0 of xdatum (0 unchecked, 0 orphan) and 0 of xref (0 dead, 0 orphan) found.
home_mount_fail=0
try /home/app/init.sh

Please press Enter to activate this console. Start /home/app/init.sh...
rlx snd internal codec init
soc-audio soc-audio.0.auto: ASoC: machine RLX_INTERN_CARD should use snd_soc_register_card()
soc-audio soc-audio.0.auto:  rlx-codec-digital <-> pcm-platform mapping ok
soc-audio soc-audio.0.auto:  rlx-codec-analog <-> pcm-platform mapping ok
usbcore: registered new interface driver rtl8188fu
rtscam:isp resvd mem addr : 0x00520000, size : 0x1900000
rtscam:rtscam_mem_init v:0xa0520000 p:0x00520000 s:0x00001900
rtscam:rtscam_lock_init
rtscam:rtscam_soc_probe
rtscam:rtscam_hx280_probe
rtscam:hx280enc:HW at base <0x18060000> with ID <0x48317011>
rtscam:rtscam_jpgenc_probe
rtscam:rtscam_osd2_probe
rtscam:rtstream_init
cat: can't open '/sys/block/mmcblk0/device/cid': No such file or directory
cat: can't open '/sys/block/mmcblk0/device/cid': No such file or directory
cat: can't open '/sys/block/mmcblk0/device/cid': No such file or directory
cat: can't open '/sys/block/mmcblk0/device/cid': No such file or directory
cat: can't open '/sys/block/mmcblk0/device/cid': No such file or directory
cat: can't open '/sys/block/mmcblk0/device/cid': No such file or directory
cat: can't open '/sys/block/mmcblk0/device/cid': No such file or directory
cat: can't open '/sys/block/mmcblk0/device/cid': No such file or directory
cat: can't open '/sys/block/mmcblk0/device/cid': No such file or directory
cat: can't open '/sys/block/mmcblk0/device/cid': No such file or directory
cat: can't open '/sys/block/mmcblk0/device/cid': No such file or directory
cat: can't open '/sys/block/mmcblk0/device/cid': No such file or directory
cat: can't open '/sys/block/mmcblk0/device/cid': No such file or directory
cat: can't open '/sys/block/mmcblk0/device/cid': No such file or directory
cat: can't open '/sys/block/mmcblk0/device/cid': No such file or directory
cat: can't open '/sys/block/mmcblk0/device/cid': No such file or directory
cat: can't open '/sys/block/mmcblk0/device/cid': No such file or directory
cat: can't open '/sys/block/mmcblk0/device/cid': No such file or directory
cat: can't open '/sys/block/mmcblk0/device/cid': No such file or directory
cat: can't open '/sys/block/mmcblk0/device/cid': No such file or directory
cat: can't open '/sys/block/mmcblk0/device/cid': No such file or directory
cat: can't open '/sys/block/mmcblk0/device/cid': No such file or directory
cat: can't open '/sys/block/mmcblk0/device/cid': No such file or directory
cat: can't open '/sys/block/mmcblk0/device/cid': No such file or directory
cat: can't open '/sys/block/mmcblk0/device/cid': No such file or directory
cat: can't open '/sys/block/mmcblk0/device/cid': No such file or directory
cat: can't open '/sys/block/mmcblk0/device/cid': No such file or directory
cat: can't open '/sys/block/mmcblk0/device/cid': No such file or directory
cat: can't open '/sys/block/mmcblk0/device/cid': No such file or directory
cat: can't open '/sys/block/mmcblk0/device/cid': No such file or directory
main(387) TF Card not exist!
checkdisk, main() ret_status(10012) 
32+0 records in
32+0 records out
32 bytes (32B) copied, 0.003399 seconds, 9.2KB/s
high level enable
numid=8,iface=MIXER,name='Master Capture Volume'
  ; type=INTEGER,access=rw---R--,values=2,min=0,max=127,step=0
  : values=127,127
  | dBscale-min=-33.50dB,step=0.50dB,mute=0
16000 AECNS is created sucessfully 



~~~~~set pcm callback ok~~~~~


numid=1,iface=MIXER,name='Master Playback Volume'
  ; type=INTEGER,access=rw---R--,values=2,min=0,max=127,step=0
  : values=109,109
  | dBscale-min=-63.50dB,step=0.50dB,mute=0
numid=11,iface=MIXER,name='Real Amic Capture Volume'
  ; type=INTEGER,access=rw---R--,values=2,min=0,max=69,step=0
  : values=30,30
  | dBscale-min=-6.00dB,step=0.75dB,mute=0
---update file(home_r10m) Not exist---
./init.sh: line 124: mDNSRespoderPosix: not found
./init.sh: line 129: can't create /proc/sys/vm/extfrag_threshold: nonexistent directory
./init.sh: line 130: can't create /proc/sys/vm/compact_memory: nonexistent directory
cat: can't open '/sys/block/mmcblk0/device/cid': No such file or directory
hw_ver[32]=[21121113000000000000000000000000] 
gpio_pin[32]=[32003002110022000000000000000000] 
hw  =[21121113000000000000000000000000] 
gpio=[32003002110022000000000000000000] 
[CPLD_PERIPH] CPLD_PERIPH module inited 
moto not support !!! 
Started watchdog timer
Started watchdog timer
hue, start_with_reset = 1 @get_config()->g_sysconf.ssid == 0 
10-24 10:24:10.348 dispatch.c:374|send_saveconfig_msg() send_saveconfig_msg msg snd success
10-24 10:24:10.348 dispatch.c:1283|get_config() get_config save conf

10-24 10:24:10.348 dispatch.c:4575|main() hw_type(2)

rtscam:begin to load fw from isp.fw

[PID_LIST] pid_list_init ok, [ ver=May 27 2019, 16:21:04 ] 
10-24 10:24:10.627 p2p_tnp.c:2055|p2p_set_tnp_init_status() p2p_set_tnp_init_status 1 send_msg ok!

main(5473) sys_init ok
/bin/sh: /home/base/tools/hostapd.sh: not found
rtscam:Load firmware size : 131024.
rtscam:Found ISP 1.011 device
rtscam:video device <rts3903-isp> registered
rtscam:rts3903-isp initialized
rtscam:begin to load fw from isp.fw
rtscam:Load firmware size : 131024.
sensor = SC2230rtscam:begin to load fw from /home/lib/sc2230/isp_jin.fw

===========
rtscam:Load firmware size : 131024.
rtscam:Found ISP 1.011 device
rtscam:video device <rts3903-isp> registered
rtscam:rts3903-isp initialized

choose isp_jin.fw============
rtl8168: eth0: link up
16000 AECNS is free successfully 

***** SMART BABYCRYING - V20160905.1 - *****
  --- pmstat init_flt2ll[1] diff:108420 us, totalTm: 108420 us

***** SMART BABYCRYING - V20160412.2 - *****
ppmngr:0x5965b8, len:320000
16000 AECNS is created sucessfully 



~~~~~set pcm callback ok~~~~~


raw_video_init 0
